
> WatchVsWatch@0.1.0 prebuild
> npm run validate


> WatchVsWatch@0.1.0 validate
> tsx scripts/validate-integrity.ts


≡ƒöì Check 1: Guides index completeness
   Found 16 guide(s)
   Γ£à All guide slugs are valid and unique

≡ƒöì Check 2: Watch slug references in comparison-tiers.json
   Found 156 comparison pair(s)
   Γ£à All comparison watch slugs exist in watches.json

≡ƒöì Check 3: Watch slug references in guides
   Found 99 recommendation(s) across guides
   Γ£à All guide recommendation watch slugs exist in watches.json

≡ƒöì Check 4: Comparison-tiers integrity
   Tier distribution: T1=52, T2=92, T3=12 (total: 156)
   Found 30 comparison meta description(s) in comparisons.ts
   Γ£à All comparison-tiers integrity checks passed

ΓòÉΓòÉΓòÉΓòÉΓòÉΓòÉΓòÉΓòÉΓòÉΓòÉΓòÉΓòÉΓòÉΓòÉΓòÉΓòÉΓòÉΓòÉΓòÉΓòÉΓòÉΓòÉΓòÉΓòÉΓòÉΓòÉΓòÉΓòÉΓòÉΓòÉΓòÉΓòÉΓòÉΓòÉΓòÉΓòÉΓòÉΓòÉΓòÉΓòÉΓòÉΓòÉΓòÉΓòÉΓòÉΓòÉΓòÉΓòÉΓòÉΓòÉΓòÉΓòÉΓòÉΓòÉΓòÉΓòÉΓòÉΓòÉΓòÉΓòÉ

Γ£à ALL CHECKS PASSED ΓÇö content integrity verified


> WatchVsWatch@0.1.0 build
> next build

  Γû▓ Next.js 14.2.35
  - Environments: .env.local

   Creating an optimized production build ...
Failed to compile.

./components/home/PhotoGallery.tsx
Error: 
  x Unexpected token `section`. Expected jsx identifier
     ,-[C:\Users\daniel\.openclaw\workspace\business\projects\watchvswatch\site\components\home\PhotoGallery.tsx:200:1]
 200 |   const activeLightboxPhoto = activeLightboxPhotos[lightbox?.photoIdx ?? 0] ?? null
 201 | 
 202 |   return (
 203 |     <section className="max-w-7xl mx-auto px-4 sm:px-6 lg:px-8 pb-16">
     :      ^^^^^^^
 204 |       {/* Filter indicators */}
 205 |       {activeWatchId && selectedWatchName && (
 206 |         <div className="mb-6 flex items-center gap-3 bg-blue-50 border border-blue-200 rounded-lg px-4 py-3">
     `----

Caused by:
    Syntax Error

Import trace for requested module:
./components/home/PhotoGallery.tsx
./app/page.tsx


> Build failed because of webpack errors
